@Case
  a[0] = 0101010101010101
  a[1] = 0011001100110011
  a[2] = 0000111100001111
  a[3] = 0000000011111111
out[0] = 0000000000000001
