@Case
 a[0] = 00000010110101
 b[0] = 01000101111010
 D[0] = 11111111111111
Y0[0] = 10111000000000
Y1[0] = 00000010000101
Y2[0] = 01000101001010
Y3[0] = 00000000110000
