@Case
 a[0] = 1001
 b[0] = 0011
 c[0] = 0001
 D[0] = 1111
Y0[0] = 0100
Y1[0] = 0000
Y2[0] = 0010
Y3[0] = 0000
Y4[0] = 1000
Y5[0] = 0000
Y6[0] = 0000
Y7[0] = 0001
