@Case
 a[0] = 010100101010101
 b[0] = 101010101000101
D0[0] = 110101010101010
D1[0] = 000000000000000
D2[0] = 111111100000000
D3[0] = 010010101010110
 W[0] = 101011111101110
NW[0] = 010100000010001
