@Case
 a[0] = 01010101010101
 b[0] = 11111110000000
 c[0] = 00110011001100
D0[0] = 10101010101010
D1[0] = 01010101011010
D2[0] = 10101010101010
D3[0] = 01010101001010
D4[0] = 00101000101010
D5[0] = 10101101010101
D6[0] = 01011111111111
D7[0] = 00101110101010
 W[0] = 11001111111110
NW[0] = 00110000000001
